I'm sorry, but errors were detected in your script. Please correct the
errors listed below, and try again.


File "game/script.rpy", line 8: Line is indented, but the preceding pause statement statement does not expect a block. Please check this line's indentation. You may have forgotten a colon (:).
    "this shit is lowley hard.."
    ^

Ren'Py Version: Ren'Py 8.4.1.25072401
Wed Aug  6 12:37:32 2025
